---
source: tests/snapshot_tests.rs
expression: index_content
---
# test_crate

## Modules

### [`test_crate`](test_crate.md)

*1 constants, 1 traits, 1 type aliases, 3 enums, 3 modules, 4 functions, 5 structs*

### [`functions`](functions.md)

*8 functions*

### [`nested`](nested.md)

*1 modules, 1 structs*

### [`nested::inner`](nested/inner.md)

*1 functions, 1 modules, 1 structs*

### [`nested::inner::deep`](nested/inner/deep.md)

*1 functions, 1 structs*

### [`types`](types.md)

*1 constants, 1 enums, 1 type aliases, 2 structs*
